<html>
<body>
<pre>
<h1>µVision Build Log</h1>
<h2>Project:</h2>
C:\Users\Jared\Downloads\lab_11_uart_serial_interface\lab_11_uart_serial_interface.uvproj
Project File Date:  11/15/2018

<h2>Output:</h2>
Rebuild target 'Lab11'
assembling startup.s...
compiling UART.c...
compiling main.c...
compiling PLL.c...
compiling ADCSWTrigger.c...
compiling PeriodicSysTickInts.c...
linking...
Program Size: Code=6108 RO-data=32 RW-data=36 ZI-data=1140  
".\Lab11.axf" - 0 Error(s), 0 Warning(s).
Load "C:\\Users\\Jared\\Downloads\\lab_11_uart_serial_interface\\Lab11.axf" 
Connecting: Mode=JTAG, Speed=1000000Hz
Erase Done.
Programming Done.
Verify OK.
ed\\Downloads\\lab_11_uart_serial_interface\\Lab11.axf" 
Connecting: Mode=JTAG, Speed=1000000Hz
Erase Done.
Programming Done.
Verify OK.
nformation, 0 warning and 1 error messages.
".\Lab11.axf" - 1 Error(s), 2 Warning(s).
Target not created
 created
ckints.o and startup.o).
.\Lab11.axf: Error: L6200E: Symbol SysTick_Handler multiply defined (by periodicsystickints.o and main.o).
.\Lab11.axf: Error: L6200E: Symbol Counts multiply defined (by periodicsystickints.o and main.o).
.\Lab11.axf: Error: L6200E: Symbol SysTick_Init multiply defined (by periodicsystickints.o and main.o).
Not enough information to list image symbols.
Not enough information to list the image map.
Finished: 2 information, 0 warning and 8 error messages.
".\Lab11.axf" - 8 Error(s), 0 Warning(s).
Target not created
tickints.o and main.o).
Not enough information to list image symbols.
Not enough information to list the image map.
Finished: 2 information, 0 warning and 8 error messages.
".\Lab11.axf" - 8 Error(s), 2 Warning(s).
Target not created
o).
.\Lab11.axf: Error: L6200E: Symbol SysTick_Init multiply defined (by periodicsystickints.o and main.o).
Not enough information to list image symbols.
Not enough information to list the image map.
Finished: 2 information, 0 warning and 8 error messages.
".\Lab11.axf" - 8 Error(s), 5 Warning(s).
Target not created
st the image map.
Finished: 2 information, 0 warning and 8 error messages.
".\Lab11.axf" - 8 Error(s), 6 Warning(s).
Target not created
