ARM Linker, 5.03 [Build 76] [MDK-ARM Lite]

==============================================================================

Section Cross References

    startup.o(STACK) refers (Special) to heapauxi.o(.text) for __use_two_region_memory
    startup.o(HEAP) refers (Special) to heapauxi.o(.text) for __use_two_region_memory
    startup.o(RESET) refers (Special) to heapauxi.o(.text) for __use_two_region_memory
    startup.o(RESET) refers to startup.o(STACK) for StackMem
    startup.o(RESET) refers to __main.o(!!!main) for __main
    startup.o(.text) refers (Special) to heapauxi.o(.text) for __use_two_region_memory
    startup.o(.text) refers to startup.o(HEAP) for HeapMem
    startup.o(.text) refers to startup.o(STACK) for StackMem
    uart.o(i.PutIntoString) refers to uart.o(.data) for out_str_len
    uart.o(i.PutIntoString) refers to uart.o(.bss) for out_str
    uart.o(i.UART_OutString) refers to uart.o(i.UartOutChar) for UartOutChar
    uart.o(i.UartDistanceToString) refers to aeabi_memset.o(.text) for __aeabi_memset
    uart.o(i.UartDistanceToString) refers to uart.o(i.PutIntoString) for PutIntoString
    uart.o(i.UartDistanceToString) refers to uart.o(.bss) for out_str
    uart.o(i.UartInNum) refers to uart.o(i.UartInChar) for UartInChar
    uart.o(i.UartInNum) refers to uart.o(i.UartOutChar) for UartOutChar
    uart.o(i.UartNumToString) refers to aeabi_memset.o(.text) for __aeabi_memset
    uart.o(i.UartNumToString) refers to uart.o(i.PutIntoString) for PutIntoString
    uart.o(i.UartNumToString) refers to uart.o(.bss) for out_str
    uart.o(i.UartOutDistance) refers to uart.o(i.UartDistanceToString) for UartDistanceToString
    uart.o(i.UartOutDistance) refers to uart.o(.bss) for out_str
    uart.o(i.UartOutNum) refers to uart.o(i.UartNumToString) for UartNumToString
    uart.o(i.UartOutNum) refers to uart.o(.bss) for out_str
    uarttestmain.o(i.main) refers to pll.o(i.PLL_Init) for PLL_Init
    uarttestmain.o(i.main) refers to uart.o(i.UartInit) for UartInit
    uarttestmain.o(i.main) refers to uart.o(i.UartInNum) for UartInNum
    uarttestmain.o(i.main) refers to uart.o(i.UartOutNum) for UartOutNum
    uarttestmain.o(i.main) refers to uart.o(i.UartOutDistance) for UartOutDistance
    aeabi_memset.o(.text) refers to rt_memclr.o(.text) for _memset
    __main.o(!!!main) refers to rtentry.o(.ARM.Collect$$rtentry$$00000000) for __rt_entry
    rtentry.o(.ARM.Collect$$rtentry$$00000000) refers (Special) to rtentry2.o(.ARM.Collect$$rtentry$$0000000A) for __rt_entry_li
    rtentry.o(.ARM.Collect$$rtentry$$00000000) refers (Special) to rtentry2.o(.ARM.Collect$$rtentry$$0000000D) for __rt_entry_main
    rtentry.o(.ARM.Collect$$rtentry$$00000000) refers (Special) to rtentry2.o(.ARM.Collect$$rtentry$$0000000C) for __rt_entry_postli_1
    rtentry.o(.ARM.Collect$$rtentry$$00000000) refers (Special) to rtentry2.o(.ARM.Collect$$rtentry$$00000009) for __rt_entry_postsh_1
    rtentry.o(.ARM.Collect$$rtentry$$00000000) refers (Special) to rtentry2.o(.ARM.Collect$$rtentry$$00000002) for __rt_entry_presh_1
    rtentry.o(.ARM.Collect$$rtentry$$00000000) refers (Special) to rtentry4.o(.ARM.Collect$$rtentry$$00000004) for __rt_entry_sh
    rt_memclr.o(.text) refers to rt_memclr_w.o(.text) for _memset_w
    rtentry2.o(.ARM.Collect$$rtentry$$00000008) refers to boardinit2.o(.text) for _platform_post_stackheap_init
    rtentry2.o(.ARM.Collect$$rtentry$$0000000A) refers to libinit.o(.ARM.Collect$$libinit$$00000000) for __rt_lib_init
    rtentry2.o(.ARM.Collect$$rtentry$$0000000B) refers to boardinit3.o(.text) for _platform_post_lib_init
    rtentry2.o(.ARM.Collect$$rtentry$$0000000D) refers to uarttestmain.o(i.main) for main
    rtentry2.o(.ARM.Collect$$rtentry$$0000000D) refers to exit.o(.text) for exit
    rtentry2.o(.ARM.exidx) refers to rtentry2.o(.ARM.Collect$$rtentry$$00000001) for .ARM.Collect$$rtentry$$00000001
    rtentry2.o(.ARM.exidx) refers to rtentry2.o(.ARM.Collect$$rtentry$$00000008) for .ARM.Collect$$rtentry$$00000008
    rtentry2.o(.ARM.exidx) refers to rtentry2.o(.ARM.Collect$$rtentry$$0000000A) for .ARM.Collect$$rtentry$$0000000A
    rtentry2.o(.ARM.exidx) refers to rtentry2.o(.ARM.Collect$$rtentry$$0000000B) for .ARM.Collect$$rtentry$$0000000B
    rtentry2.o(.ARM.exidx) refers to rtentry2.o(.ARM.Collect$$rtentry$$0000000D) for .ARM.Collect$$rtentry$$0000000D
    rtentry4.o(.ARM.Collect$$rtentry$$00000004) refers to sys_stackheap_outer.o(.text) for __user_setup_stackheap
    rtentry4.o(.ARM.exidx) refers to rtentry4.o(.ARM.Collect$$rtentry$$00000004) for .ARM.Collect$$rtentry$$00000004
    sys_stackheap_outer.o(.text) refers to libspace.o(.text) for __user_perproc_libspace
    sys_stackheap_outer.o(.text) refers to startup.o(.text) for __user_initial_stackheap
    exit.o(.text) refers to rtexit.o(.ARM.Collect$$rtexit$$00000000) for __rt_exit
    libinit.o(.ARM.Collect$$libinit$$00000000) refers (Special) to libinit2.o(.ARM.Collect$$libinit$$0000002C) for __rt_lib_init_alloca_1
    libinit.o(.ARM.Collect$$libinit$$00000000) refers (Special) to libinit2.o(.ARM.Collect$$libinit$$0000002A) for __rt_lib_init_argv_1
    libinit.o(.ARM.Collect$$libinit$$00000000) refers (Special) to libinit2.o(.ARM.Collect$$libinit$$00000019) for __rt_lib_init_atexit_1
    libinit.o(.ARM.Collect$$libinit$$00000000) refers (Special) to libinit2.o(.ARM.Collect$$libinit$$0000001F) for __rt_lib_init_clock_1
    libinit.o(.ARM.Collect$$libinit$$00000000) refers (Special) to libinit2.o(.ARM.Collect$$libinit$$00000030) for __rt_lib_init_cpp_1
    libinit.o(.ARM.Collect$$libinit$$00000000) refers (Special) to libinit2.o(.ARM.Collect$$libinit$$0000002E) for __rt_lib_init_exceptions_1
    libinit.o(.ARM.Collect$$libinit$$00000000) refers (Special) to libinit2.o(.ARM.Collect$$libinit$$00000002) for __rt_lib_init_fp_1
    libinit.o(.ARM.Collect$$libinit$$00000000) refers (Special) to libinit2.o(.ARM.Collect$$libinit$$0000001D) for __rt_lib_init_fp_trap_1
    libinit.o(.ARM.Collect$$libinit$$00000000) refers (Special) to libinit2.o(.ARM.Collect$$libinit$$00000021) for __rt_lib_init_getenv_1
    libinit.o(.ARM.Collect$$libinit$$00000000) refers (Special) to libinit2.o(.ARM.Collect$$libinit$$00000008) for __rt_lib_init_heap_1
    libinit.o(.ARM.Collect$$libinit$$00000000) refers (Special) to libinit2.o(.ARM.Collect$$libinit$$0000000F) for __rt_lib_init_lc_collate_1
    libinit.o(.ARM.Collect$$libinit$$00000000) refers (Special) to libinit2.o(.ARM.Collect$$libinit$$00000011) for __rt_lib_init_lc_ctype_1
    libinit.o(.ARM.Collect$$libinit$$00000000) refers (Special) to libinit2.o(.ARM.Collect$$libinit$$00000013) for __rt_lib_init_lc_monetary_1
    libinit.o(.ARM.Collect$$libinit$$00000000) refers (Special) to libinit2.o(.ARM.Collect$$libinit$$00000015) for __rt_lib_init_lc_numeric_1
    libinit.o(.ARM.Collect$$libinit$$00000000) refers (Special) to libinit2.o(.ARM.Collect$$libinit$$00000017) for __rt_lib_init_lc_time_1
    libinit.o(.ARM.Collect$$libinit$$00000000) refers (Special) to libinit2.o(.ARM.Collect$$libinit$$0000000C) for __rt_lib_init_rand_1
    libinit.o(.ARM.Collect$$libinit$$00000000) refers (Special) to libinit2.o(.ARM.Collect$$libinit$$00000031) for __rt_lib_init_return
    libinit.o(.ARM.Collect$$libinit$$00000000) refers (Special) to libinit2.o(.ARM.Collect$$libinit$$0000001B) for __rt_lib_init_signal_1
    libinit.o(.ARM.Collect$$libinit$$00000000) refers (Special) to libinit2.o(.ARM.Collect$$libinit$$00000023) for __rt_lib_init_stdio_1
    libinit.o(.ARM.Collect$$libinit$$00000000) refers (Special) to libinit2.o(.ARM.Collect$$libinit$$0000000A) for __rt_lib_init_user_alloc_1
    libspace.o(.text) refers to libspace.o(.bss) for __libspace_start
    rtexit.o(.ARM.Collect$$rtexit$$00000000) refers (Special) to rtexit2.o(.ARM.Collect$$rtexit$$00000004) for __rt_exit_exit
    rtexit.o(.ARM.Collect$$rtexit$$00000000) refers (Special) to rtexit2.o(.ARM.Collect$$rtexit$$00000003) for __rt_exit_ls
    rtexit.o(.ARM.Collect$$rtexit$$00000000) refers (Special) to rtexit2.o(.ARM.Collect$$rtexit$$00000002) for __rt_exit_prels_1
    rtexit.o(.ARM.exidx) refers (Special) to rtexit2.o(.ARM.Collect$$rtexit$$00000004) for __rt_exit_exit
    rtexit.o(.ARM.exidx) refers (Special) to rtexit2.o(.ARM.Collect$$rtexit$$00000003) for __rt_exit_ls
    rtexit.o(.ARM.exidx) refers (Special) to rtexit2.o(.ARM.Collect$$rtexit$$00000002) for __rt_exit_prels_1
    rtexit.o(.ARM.exidx) refers to rtexit.o(.ARM.Collect$$rtexit$$00000000) for .ARM.Collect$$rtexit$$00000000
    libinit2.o(.ARM.Collect$$libinit$$0000000E) refers to libinit2.o(.ARM.Collect$$libinit$$0000000D) for .ARM.Collect$$libinit$$0000000D
    libinit2.o(.ARM.Collect$$libinit$$00000010) refers to libinit2.o(.ARM.Collect$$libinit$$0000000D) for .ARM.Collect$$libinit$$0000000D
    libinit2.o(.ARM.Collect$$libinit$$00000012) refers to libinit2.o(.ARM.Collect$$libinit$$0000000D) for .ARM.Collect$$libinit$$0000000D
    libinit2.o(.ARM.Collect$$libinit$$00000014) refers to libinit2.o(.ARM.Collect$$libinit$$0000000D) for .ARM.Collect$$libinit$$0000000D
    libinit2.o(.ARM.Collect$$libinit$$00000016) refers to libinit2.o(.ARM.Collect$$libinit$$0000000D) for .ARM.Collect$$libinit$$0000000D
    libinit2.o(.ARM.Collect$$libinit$$00000024) refers to argv_veneer.o(.emb_text) for __ARM_argv_veneer
    libinit2.o(.ARM.Collect$$libinit$$00000025) refers to argv_veneer.o(.emb_text) for __ARM_argv_veneer
    rtexit2.o(.ARM.Collect$$rtexit$$00000003) refers to libshutdown.o(.ARM.Collect$$libshutdown$$00000000) for __rt_lib_shutdown
    rtexit2.o(.ARM.Collect$$rtexit$$00000004) refers to sys_exit.o(.text) for _sys_exit
    rtexit2.o(.ARM.exidx) refers to rtexit2.o(.ARM.Collect$$rtexit$$00000001) for .ARM.Collect$$rtexit$$00000001
    rtexit2.o(.ARM.exidx) refers to rtexit2.o(.ARM.Collect$$rtexit$$00000003) for .ARM.Collect$$rtexit$$00000003
    rtexit2.o(.ARM.exidx) refers to rtexit2.o(.ARM.Collect$$rtexit$$00000004) for .ARM.Collect$$rtexit$$00000004
    argv_veneer.o(.emb_text) refers to no_argv.o(.text) for __ARM_get_argv
    sys_exit.o(.text) refers (Special) to use_no_semi.o(.text) for __I$use$semihosting
    sys_exit.o(.text) refers (Special) to indicate_semi.o(.text) for __semihosting_library_function
    _get_argv_nomalloc.o(.text) refers (Special) to hrguard.o(.text) for __heap_region$guard
    _get_argv_nomalloc.o(.text) refers to defsig_rtmem_outer.o(.text) for __rt_SIGRTMEM
    _get_argv_nomalloc.o(.text) refers to sys_command.o(.text) for _sys_command_string
    libshutdown.o(.ARM.Collect$$libshutdown$$00000000) refers (Special) to libshutdown2.o(.ARM.Collect$$libshutdown$$00000006) for __rt_lib_shutdown_fp_trap_1
    libshutdown.o(.ARM.Collect$$libshutdown$$00000000) refers (Special) to libshutdown2.o(.ARM.Collect$$libshutdown$$0000000E) for __rt_lib_shutdown_heap_1
    libshutdown.o(.ARM.Collect$$libshutdown$$00000000) refers (Special) to libshutdown2.o(.ARM.Collect$$libshutdown$$0000000F) for __rt_lib_shutdown_return
    libshutdown.o(.ARM.Collect$$libshutdown$$00000000) refers (Special) to libshutdown2.o(.ARM.Collect$$libshutdown$$00000009) for __rt_lib_shutdown_signal_1
    libshutdown.o(.ARM.Collect$$libshutdown$$00000000) refers (Special) to libshutdown2.o(.ARM.Collect$$libshutdown$$00000003) for __rt_lib_shutdown_stdio_1
    libshutdown.o(.ARM.Collect$$libshutdown$$00000000) refers (Special) to libshutdown2.o(.ARM.Collect$$libshutdown$$0000000B) for __rt_lib_shutdown_user_alloc_1
    sys_command.o(.text) refers (Special) to use_no_semi.o(.text) for __I$use$semihosting
    sys_command.o(.text) refers (Special) to indicate_semi.o(.text) for __semihosting_library_function
    defsig_rtmem_outer.o(.text) refers to defsig_rtmem_inner.o(.text) for __rt_SIGRTMEM_inner
    defsig_rtmem_outer.o(.text) refers to defsig_exit.o(.text) for __sig_exit
    defsig_rtmem_formal.o(.text) refers to rt_raise.o(.text) for __rt_raise
    rt_raise.o(.text) refers to __raise.o(.text) for __raise
    rt_raise.o(.text) refers to sys_exit.o(.text) for _sys_exit
    defsig_exit.o(.text) refers to sys_exit.o(.text) for _sys_exit
    defsig_rtmem_inner.o(.text) refers to defsig_general.o(.text) for __default_signal_display
    __raise.o(.text) refers to defsig.o(CL$$defsig) for __default_signal_handler
    defsig_general.o(.text) refers to sys_wrch.o(.text) for _ttywrch
    sys_wrch.o(.text) refers (Special) to use_no_semi.o(.text) for __I$use$semihosting
    sys_wrch.o(.text) refers (Special) to indicate_semi.o(.text) for __semihosting_library_function
    defsig.o(CL$$defsig) refers to defsig_rtmem_inner.o(.text) for __rt_SIGRTMEM_inner
    defsig_abrt_inner.o(.text) refers to defsig_general.o(.text) for __default_signal_display
    defsig_fpe_inner.o(.text) refers to defsig_general.o(.text) for __default_signal_display
    defsig_rtred_inner.o(.text) refers to defsig_general.o(.text) for __default_signal_display
    defsig_stak_inner.o(.text) refers to defsig_general.o(.text) for __default_signal_display
    defsig_pvfn_inner.o(.text) refers to defsig_general.o(.text) for __default_signal_display
    defsig_cppl_inner.o(.text) refers to defsig_general.o(.text) for __default_signal_display
    defsig_segv_inner.o(.text) refers to defsig_general.o(.text) for __default_signal_display
    defsig_other.o(.text) refers to defsig_general.o(.text) for __default_signal_display


==============================================================================

Removing Unused input sections from the image.

    Removing uart.o(i.UART_OutString), (24 bytes).
    Removing uart.o(i.UartInCharNonBlock), (28 bytes).

2 unused section(s) (total 52 bytes) removed from the image.

==============================================================================

Memory Map of the image

  Image Entry point : 0x00000000

  Load Region LR_1 (Base: 0x00000000, Size: 0x00000870, Max: 0xffffffff, ABSOLUTE)

    Execution Region ER_RO (Base: 0x00000000, Size: 0x0000086c, Max: 0xffffffff, ABSOLUTE)

    Base Addr    Size         Type   Attr      Idx    E Section Name        Object

    0x00000000   0x00000284   Code   RO            3  * RESET               startup.o
    0x00000284   0x00000008   Code   RO          131  * !!!main             c_w.l(__main.o)
    0x0000028c   0x00000002   Code   RO          162    .ARM.Collect$$libinit$$00000000  c_w.l(libinit.o)
    0x0000028e   0x00000000   Code   RO          169    .ARM.Collect$$libinit$$00000002  c_w.l(libinit2.o)
    0x0000028e   0x00000000   Code   RO          172    .ARM.Collect$$libinit$$00000008  c_w.l(libinit2.o)
    0x0000028e   0x00000000   Code   RO          174    .ARM.Collect$$libinit$$0000000A  c_w.l(libinit2.o)
    0x0000028e   0x00000000   Code   RO          176    .ARM.Collect$$libinit$$0000000C  c_w.l(libinit2.o)
    0x0000028e   0x00000000   Code   RO          179    .ARM.Collect$$libinit$$0000000F  c_w.l(libinit2.o)
    0x0000028e   0x00000000   Code   RO          181    .ARM.Collect$$libinit$$00000011  c_w.l(libinit2.o)
    0x0000028e   0x00000000   Code   RO          183    .ARM.Collect$$libinit$$00000013  c_w.l(libinit2.o)
    0x0000028e   0x00000000   Code   RO          185    .ARM.Collect$$libinit$$00000015  c_w.l(libinit2.o)
    0x0000028e   0x00000000   Code   RO          187    .ARM.Collect$$libinit$$00000017  c_w.l(libinit2.o)
    0x0000028e   0x00000000   Code   RO          189    .ARM.Collect$$libinit$$00000019  c_w.l(libinit2.o)
    0x0000028e   0x00000000   Code   RO          191    .ARM.Collect$$libinit$$0000001B  c_w.l(libinit2.o)
    0x0000028e   0x00000000   Code   RO          193    .ARM.Collect$$libinit$$0000001D  c_w.l(libinit2.o)
    0x0000028e   0x00000000   Code   RO          195    .ARM.Collect$$libinit$$0000001F  c_w.l(libinit2.o)
    0x0000028e   0x00000000   Code   RO          197    .ARM.Collect$$libinit$$00000021  c_w.l(libinit2.o)
    0x0000028e   0x00000000   Code   RO          199    .ARM.Collect$$libinit$$00000023  c_w.l(libinit2.o)
    0x0000028e   0x00000000   Code   RO          203    .ARM.Collect$$libinit$$0000002A  c_w.l(libinit2.o)
    0x0000028e   0x00000000   Code   RO          205    .ARM.Collect$$libinit$$0000002C  c_w.l(libinit2.o)
    0x0000028e   0x00000000   Code   RO          207    .ARM.Collect$$libinit$$0000002E  c_w.l(libinit2.o)
    0x0000028e   0x00000000   Code   RO          209    .ARM.Collect$$libinit$$00000030  c_w.l(libinit2.o)
    0x0000028e   0x00000002   Code   RO          210    .ARM.Collect$$libinit$$00000031  c_w.l(libinit2.o)
    0x00000290   0x00000002   Code   RO          230    .ARM.Collect$$libshutdown$$00000000  c_w.l(libshutdown.o)
    0x00000292   0x00000000   Code   RO          244    .ARM.Collect$$libshutdown$$00000003  c_w.l(libshutdown2.o)
    0x00000292   0x00000000   Code   RO          247    .ARM.Collect$$libshutdown$$00000006  c_w.l(libshutdown2.o)
    0x00000292   0x00000000   Code   RO          250    .ARM.Collect$$libshutdown$$00000009  c_w.l(libshutdown2.o)
    0x00000292   0x00000000   Code   RO          252    .ARM.Collect$$libshutdown$$0000000B  c_w.l(libshutdown2.o)
    0x00000292   0x00000000   Code   RO          255    .ARM.Collect$$libshutdown$$0000000E  c_w.l(libshutdown2.o)
    0x00000292   0x00000002   Code   RO          256    .ARM.Collect$$libshutdown$$0000000F  c_w.l(libshutdown2.o)
    0x00000294   0x00000000   Code   RO          133    .ARM.Collect$$rtentry$$00000000  c_w.l(rtentry.o)
    0x00000294   0x00000000   Code   RO          137    .ARM.Collect$$rtentry$$00000002  c_w.l(rtentry2.o)
    0x00000294   0x00000006   Code   RO          149    .ARM.Collect$$rtentry$$00000004  c_w.l(rtentry4.o)
    0x0000029a   0x00000000   Code   RO          139    .ARM.Collect$$rtentry$$00000009  c_w.l(rtentry2.o)
    0x0000029a   0x00000004   Code   RO          140    .ARM.Collect$$rtentry$$0000000A  c_w.l(rtentry2.o)
    0x0000029e   0x00000000   Code   RO          142    .ARM.Collect$$rtentry$$0000000C  c_w.l(rtentry2.o)
    0x0000029e   0x00000008   Code   RO          143    .ARM.Collect$$rtentry$$0000000D  c_w.l(rtentry2.o)
    0x000002a6   0x00000002   Code   RO          166    .ARM.Collect$$rtexit$$00000000  c_w.l(rtexit.o)
    0x000002a8   0x00000000   Code   RO          212    .ARM.Collect$$rtexit$$00000002  c_w.l(rtexit2.o)
    0x000002a8   0x00000004   Code   RO          213    .ARM.Collect$$rtexit$$00000003  c_w.l(rtexit2.o)
    0x000002ac   0x00000006   Code   RO          214    .ARM.Collect$$rtexit$$00000004  c_w.l(rtexit2.o)
    0x000002b2   0x00000002   PAD
    0x000002b4   0x00000030   Code   RO            4    .text               startup.o
    0x000002e4   0x00000010   Code   RO          127    .text               c_w.l(aeabi_memset.o)
    0x000002f4   0x00000006   Code   RO          129    .text               c_w.l(heapauxi.o)
    0x000002fa   0x00000044   Code   RO          134    .text               c_w.l(rt_memclr.o)
    0x0000033e   0x0000004e   Code   RO          151    .text               c_w.l(rt_memclr_w.o)
    0x0000038c   0x0000004a   Code   RO          153    .text               c_w.l(sys_stackheap_outer.o)
    0x000003d6   0x0000000c   Code   RO          155    .text               c_w.l(exit.o)
    0x000003e2   0x00000002   PAD
    0x000003e4   0x00000008   Code   RO          163    .text               c_w.l(libspace.o)
    0x000003ec   0x0000000c   Code   RO          222    .text               c_w.l(sys_exit.o)
    0x000003f8   0x00000002   Code   RO          233    .text               c_w.l(use_no_semi.o)
    0x000003fa   0x00000000   Code   RO          235    .text               c_w.l(indicate_semi.o)
    0x000003fa   0x00000002   PAD
    0x000003fc   0x0000007c   Code   RO           12    i.PLL_Init          pll.o
    0x00000478   0x00000068   Code   RO           28    i.PutIntoString     uart.o
    0x000004e0   0x00000118   Code   RO           30    i.UartDistanceToString  uart.o
    0x000005f8   0x00000018   Code   RO           31    i.UartInChar        uart.o
    0x00000610   0x0000004c   Code   RO           33    i.UartInNum         uart.o
    0x0000065c   0x000000a4   Code   RO           34    i.UartInit          uart.o
    0x00000700   0x000000bc   Code   RO           35    i.UartNumToString   uart.o
    0x000007bc   0x00000018   Code   RO           36    i.UartOutChar       uart.o
    0x000007d4   0x00000018   Code   RO           37    i.UartOutDistance   uart.o
    0x000007ec   0x00000018   Code   RO           38    i.UartOutNum        uart.o
    0x00000804   0x00000068   Code   RO          113    i.main              uarttestmain.o
    0x0000086c   0x00000000   Data   RO          287    Region$$Table       anon$$obj.o


    Execution Region ER_RW (Base: 0x20000000, Size: 0x00000004, Max: 0xffffffff, ABSOLUTE)

    Base Addr    Size         Type   Attr      Idx    E Section Name        Object

    0x20000000   0x00000002   Data   RW           40    .data               uart.o


    Execution Region ER_ZI (Base: 0x20000004, Size: 0x00000474, Max: 0xffffffff, ABSOLUTE)

    Base Addr    Size         Type   Attr      Idx    E Section Name        Object

    0x20000004   0x0000000f   Zero   RW           39    .bss                uart.o
    0x20000013   0x00000001   PAD
    0x20000014   0x00000060   Zero   RW          164    .bss                c_w.l(libspace.o)
    0x20000074   0x00000004   PAD
    0x20000078   0x00000000   Zero   RW            2    HEAP                startup.o
    0x20000078   0x00000400   Zero   RW            1    STACK               startup.o

