<html>
<body>
<pre>
<h1>µVision Build Log</h1>
<h2>Project:</h2>
C:\Users\Jared\Documents\School\CptS_466\Project #6\Code_Realtime_Analysis\Project6_Realtime_Analysis.uvproj
Project File Date:  11/15/2018

<h2>Output:</h2>
Rebuild target 'Lab11'
assembling startup.s...
compiling UART.c...
compiling main.c...
compiling PLL.c...
compiling ADCSWTrigger.c...
compiling PeriodicSysTickInts.c...
linking...
Program Size: Code=6764 RO-data=32 RW-data=44 ZI-data=1140  
".\Lab11.axf" - 0 Error(s), 0 Warning(s).
</pre>
</body>
</html>
